// Jest Snapshot v1, https://goo.gl/fbAQLP

exports[`<Nav></Nav> Renders minimal nav when logged out 1`] = `
<ul
  className="NavStyles-sc-11c0d2g-0 YVEeD"
  data-test="nav"
>
  <Link
    href="/items"
  >
    <a
      href="/items"
      onClick={[Function]}
    >
       Shop 
    </a>
  </Link>
  <Link
    href="/signup"
  >
    <a
      href="/signup"
      onClick={[Function]}
    >
       Sign In 
    </a>
  </Link>
</ul>
`;
