// Jest Snapshot v1, https://goo.gl/fbAQLP

exports[`<Pagination/> displays loading message 1`] = `null`;
